#
# There is insufficient memory for the Java Runtime Environment to continue.
# Native memory allocation (malloc) failed to allocate 32744 bytes. Error detail: Chunk::new
# Possible reasons:
#   The system is out of physical RAM or swap space
#   This process is running with CompressedOops enabled, and the Java Heap may be blocking the growth of the native heap
# Possible solutions:
#   Reduce memory load on the system
#   Increase physical memory or swap space
#   Check if swap backing store is full
#   Decrease Java heap size (-Xmx/-Xms)
#   Decrease number of Java threads
#   Decrease Java thread stack sizes (-Xss)
#   Set larger code cache with -XX:ReservedCodeCacheSize=
#   JVM is running with Unscaled Compressed Oops mode in which the Java heap is
#     placed in the first 4GB address space. The Java Heap base address is the
#     maximum limit for the native heap growth. Please use -XX:HeapBaseMinAddress
#     to set the Java Heap base and to place the Java Heap above 4GB virtual address.
# This output file may be truncated or incomplete.
#
#  Out of Memory Error (arena.cpp:168), pid=9044, tid=7840
#
# JRE version: OpenJDK Runtime Environment JBR-21.0.6+8-631.39-jcef (21.0.6+8) (build 21.0.6+8-b631.39)
# Java VM: OpenJDK 64-Bit Server VM JBR-21.0.6+8-631.39-jcef (21.0.6+8-b631.39, mixed mode, sharing, tiered, compressed oops, compressed class ptrs, g1 gc, windows-amd64)
# Core dump will be written. Default location: C:\Users\Administrator\IdeaProjects\avatarOpenLo\hs_err_pid9044.mdmp
#

---------------  S U M M A R Y ------------

Command Line: git4idea.http.GitAskPassApp Username for 'https://github.com': 

Host: Intel(R) Xeon(R) CPU E5-2686 v4 @ 2.30GHz, 3 cores, 2G,  Windows Server 2016 , 64 bit Build 14393 (10.0.14393.7330)
Time: Thu Apr 10 17:57:26 2025 SE Asia Standard Time elapsed time: 2.868905 seconds (0d 0h 0m 2s)

---------------  T H R E A D  ---------------

Current thread (0x0000024fee3cd3d0):  JavaThread "C2 CompilerThread0" daemon [_thread_in_native, id=7840, stack(0x000000bd2c800000,0x000000bd2c900000) (1024K)]


Current CompileTask:
C2:2868 1068       4       sun.security.ec.ECOperations::setDouble (463 bytes)

Stack: [0x000000bd2c800000,0x000000bd2c900000]
Native frames: (J=compiled Java code, j=interpreted, Vv=VM code, C=native code)
V  [jvm.dll+0x6e5d39]
V  [jvm.dll+0x8c4133]
V  [jvm.dll+0x8c668e]
V  [jvm.dll+0x8c6d73]
V  [jvm.dll+0x288f76]
V  [jvm.dll+0xc66dd]
V  [jvm.dll+0xc6c13]
V  [jvm.dll+0x6bf21d]
V  [jvm.dll+0x61acc6]
V  [jvm.dll+0x60207c]
V  [jvm.dll+0x606543]
V  [jvm.dll+0x605c7d]
V  [jvm.dll+0x605b60]
V  [jvm.dll+0x605cde]
V  [jvm.dll+0x605cde]
V  [jvm.dll+0x605cde]
V  [jvm.dll+0x605cde]
V  [jvm.dll+0x605cde]
V  [jvm.dll+0x605cde]
V  [jvm.dll+0x605cde]
V  [jvm.dll+0x605cde]
V  [jvm.dll+0x605cde]
V  [jvm.dll+0x605cde]
V  [jvm.dll+0x605cde]
V  [jvm.dll+0x605cde]
V  [jvm.dll+0x605cde]
V  [jvm.dll+0x605cde]
V  [jvm.dll+0x605cde]
V  [jvm.dll+0x605cde]
V  [jvm.dll+0x605cde]
V  [jvm.dll+0x605cde]
V  [jvm.dll+0x605cde]
V  [jvm.dll+0x605cde]
V  [jvm.dll+0x605cde]
V  [jvm.dll+0x605cde]
V  [jvm.dll+0x605cde]
V  [jvm.dll+0x605cde]
V  [jvm.dll+0x605cde]
V  [jvm.dll+0x605cde]
V  [jvm.dll+0x605cde]
V  [jvm.dll+0x605cde]
V  [jvm.dll+0x605cde]
V  [jvm.dll+0x605cde]
V  [jvm.dll+0x605cde]
V  [jvm.dll+0x605cde]
V  [jvm.dll+0x605cde]
V  [jvm.dll+0x605cde]
V  [jvm.dll+0x605cde]
V  [jvm.dll+0x605cde]
V  [jvm.dll+0x605cde]
V  [jvm.dll+0x605cde]
V  [jvm.dll+0x605cde]
V  [jvm.dll+0x605cde]
V  [jvm.dll+0x605cde]
V  [jvm.dll+0x605cde]
V  [jvm.dll+0x605cde]
V  [jvm.dll+0x60d08c]
V  [jvm.dll+0x2598d2]
V  [jvm.dll+0x259c8f]
V  [jvm.dll+0x252435]
V  [jvm.dll+0x24fc8e]
V  [jvm.dll+0x1cd6c4]
V  [jvm.dll+0x25f60c]
V  [jvm.dll+0x25db56]
V  [jvm.dll+0x3ff756]
V  [jvm.dll+0x86bd48]
V  [jvm.dll+0x6e453d]
C  [ucrtbase.dll+0x1fb80]
C  [KERNEL32.DLL+0x84d4]
C  [ntdll.dll+0x51a11]


---------------  P R O C E S S  ---------------

Threads class SMR info:
_java_thread_list=0x0000024fee9c6fa0, length=14, elements={
0x0000024fd6225a10, 0x0000024fee3c1fc0, 0x0000024fee3c3080, 0x0000024fee3c7230,
0x0000024fee3cada0, 0x0000024fee3cbc00, 0x0000024fee3cc650, 0x0000024fee3cd3d0,
0x0000024fee3ce370, 0x0000024fee63b630, 0x0000024fee643e80, 0x0000024fee979630,
0x0000024ff300e0c0, 0x0000024ff30ab130
}

Java Threads: ( => current thread )
  0x0000024fd6225a10 JavaThread "main"                              [_thread_blocked, id=6224, stack(0x000000bd2ba00000,0x000000bd2bb00000) (1024K)]
  0x0000024fee3c1fc0 JavaThread "Reference Handler"          daemon [_thread_blocked, id=6740, stack(0x000000bd2c200000,0x000000bd2c300000) (1024K)]
  0x0000024fee3c3080 JavaThread "Finalizer"                  daemon [_thread_blocked, id=5268, stack(0x000000bd2c300000,0x000000bd2c400000) (1024K)]
  0x0000024fee3c7230 JavaThread "Signal Dispatcher"          daemon [_thread_blocked, id=8644, stack(0x000000bd2c400000,0x000000bd2c500000) (1024K)]
  0x0000024fee3cada0 JavaThread "Attach Listener"            daemon [_thread_blocked, id=9040, stack(0x000000bd2c500000,0x000000bd2c600000) (1024K)]
  0x0000024fee3cbc00 JavaThread "Service Thread"             daemon [_thread_blocked, id=5916, stack(0x000000bd2c600000,0x000000bd2c700000) (1024K)]
  0x0000024fee3cc650 JavaThread "Monitor Deflation Thread"   daemon [_thread_blocked, id=3200, stack(0x000000bd2c700000,0x000000bd2c800000) (1024K)]
=>0x0000024fee3cd3d0 JavaThread "C2 CompilerThread0"         daemon [_thread_in_native, id=7840, stack(0x000000bd2c800000,0x000000bd2c900000) (1024K)]
  0x0000024fee3ce370 JavaThread "C1 CompilerThread0"         daemon [_thread_in_vm, id=8424, stack(0x000000bd2c900000,0x000000bd2ca00000) (1024K)]
  0x0000024fee63b630 JavaThread "Notification Thread"        daemon [_thread_blocked, id=7896, stack(0x000000bd2ca00000,0x000000bd2cb00000) (1024K)]
  0x0000024fee643e80 JavaThread "Common-Cleaner"             daemon [_thread_blocked, id=9368, stack(0x000000bd2cb00000,0x000000bd2cc00000) (1024K)]
  0x0000024fee979630 JavaThread "HttpClient-1-SelectorManager" daemon [_thread_in_native, id=7940, stack(0x000000bd2ce00000,0x000000bd2cf00000) (1024K)]
  0x0000024ff300e0c0 JavaThread "HttpClient-1-Worker-0"      daemon [_thread_in_Java, id=7724, stack(0x000000bd2d000000,0x000000bd2d100000) (1024K)]
  0x0000024ff30ab130 JavaThread "HttpClient-1-Worker-1"      daemon [_thread_blocked, id=1616, stack(0x000000bd2d100000,0x000000bd2d200000) (1024K)]
Total: 14

Other Threads:
  0x0000024fee3aa450 VMThread "VM Thread"                           [id=2424, stack(0x000000bd2c100000,0x000000bd2c200000) (1024K)]
  0x0000024fd8448150 WatcherThread "VM Periodic Task Thread"        [id=6400, stack(0x000000bd2c000000,0x000000bd2c100000) (1024K)]
  0x0000024fd83ac8a0 WorkerThread "GC Thread#0"                     [id=7892, stack(0x000000bd2bb00000,0x000000bd2bc00000) (1024K)]
  0x0000024fee7f6b50 WorkerThread "GC Thread#1"                     [id=6888, stack(0x000000bd2cc00000,0x000000bd2cd00000) (1024K)]
  0x0000024fee951770 WorkerThread "GC Thread#2"                     [id=8052, stack(0x000000bd2cd00000,0x000000bd2ce00000) (1024K)]
  0x0000024fd83b3790 ConcurrentGCThread "G1 Main Marker"            [id=9536, stack(0x000000bd2bc00000,0x000000bd2bd00000) (1024K)]
  0x0000024fd83b41a0 WorkerThread "G1 Conc#0"                       [id=8492, stack(0x000000bd2bd00000,0x000000bd2be00000) (1024K)]
  0x0000024fd83f9f90 ConcurrentGCThread "G1 Refine#0"               [id=3608, stack(0x000000bd2be00000,0x000000bd2bf00000) (1024K)]
  0x0000024fd83faa10 ConcurrentGCThread "G1 Service"                [id=10016, stack(0x000000bd2bf00000,0x000000bd2c000000) (1024K)]
Total: 9

Threads with active compile tasks:
C2 CompilerThread0  2909 1068       4       sun.security.ec.ECOperations::setDouble (463 bytes)
C1 CompilerThread0  2909 1069       3       sun.security.util.math.intpoly.IntegerPolynomial::get0 (10 bytes)
Total: 2

VM state: not at safepoint (normal execution)

VM Mutex/Monitor currently owned by a thread: None

Heap address: 0x00000000d0000000, size: 768 MB, Compressed Oops mode: 32-bit

CDS archive(s) mapped at: [0x0000024f80000000-0x0000024f80d00000-0x0000024f80d00000), size 13631488, SharedBaseAddress: 0x0000024f80000000, ArchiveRelocationMode: 1.
Compressed class space mapped at: 0x0000024f81000000-0x0000024fc1000000, reserved size: 1073741824
Narrow klass base: 0x0000024f80000000, Narrow klass shift: 0, Narrow klass range: 0x100000000

GC Precious Log:
 CardTable entry size: 512
 Card Set container configuration: InlinePtr #cards 5 size 8 Array Of Cards #cards 12 size 40 Howl #buckets 4 coarsen threshold 1843 Howl Bitmap #cards 512 size 80 coarsen threshold 460 Card regions per heap region 1 cards per card region 2048
 CPUs: 3 total, 3 available
 Memory: 3071M
 Large Page Support: Disabled
 NUMA Support: Disabled
 Compressed Oops: Enabled (32-bit)
 Heap Region Size: 1M
 Heap Min Capacity: 8M
 Heap Initial Capacity: 48M
 Heap Max Capacity: 768M
 Pre-touch: Disabled
 Parallel Workers: 3
 Concurrent Workers: 1
 Concurrent Refinement Workers: 3
 Periodic GC: Disabled

Heap:
 garbage-first heap   total 49152K, used 3377K [0x00000000d0000000, 0x0000000100000000)
  region size 1024K, 3 young (3072K), 1 survivors (1024K)
 Metaspace       used 7970K, committed 8256K, reserved 1114112K
  class space    used 909K, committed 1024K, reserved 1048576K

Heap Regions: E=young(eden), S=young(survivor), O=old, HS=humongous(starts), HC=humongous(continues), CS=collection set, F=free, TAMS=top-at-mark-start, PB=parsable bottom
|   0|0x00000000d0000000, 0x00000000d0100000, 0x00000000d0100000|100%| O|  |TAMS 0x00000000d0000000| PB 0x00000000d0000000| Untracked 
|   1|0x00000000d0100000, 0x00000000d01ce6c0, 0x00000000d0200000| 80%| O|  |TAMS 0x00000000d0100000| PB 0x00000000d0100000| Untracked 
|   2|0x00000000d0200000, 0x00000000d0200000, 0x00000000d0300000|  0%| F|  |TAMS 0x00000000d0200000| PB 0x00000000d0200000| Untracked 
|   3|0x00000000d0300000, 0x00000000d0300000, 0x00000000d0400000|  0%| F|  |TAMS 0x00000000d0300000| PB 0x00000000d0300000| Untracked 
|   4|0x00000000d0400000, 0x00000000d0400000, 0x00000000d0500000|  0%| F|  |TAMS 0x00000000d0400000| PB 0x00000000d0400000| Untracked 
|   5|0x00000000d0500000, 0x00000000d0500000, 0x00000000d0600000|  0%| F|  |TAMS 0x00000000d0500000| PB 0x00000000d0500000| Untracked 
|   6|0x00000000d0600000, 0x00000000d0600000, 0x00000000d0700000|  0%| F|  |TAMS 0x00000000d0600000| PB 0x00000000d0600000| Untracked 
|   7|0x00000000d0700000, 0x00000000d0700000, 0x00000000d0800000|  0%| F|  |TAMS 0x00000000d0700000| PB 0x00000000d0700000| Untracked 
|   8|0x00000000d0800000, 0x00000000d0800000, 0x00000000d0900000|  0%| F|  |TAMS 0x00000000d0800000| PB 0x00000000d0800000| Untracked 
|   9|0x00000000d0900000, 0x00000000d0900000, 0x00000000d0a00000|  0%| F|  |TAMS 0x00000000d0900000| PB 0x00000000d0900000| Untracked 
|  10|0x00000000d0a00000, 0x00000000d0a00000, 0x00000000d0b00000|  0%| F|  |TAMS 0x00000000d0a00000| PB 0x00000000d0a00000| Untracked 
|  11|0x00000000d0b00000, 0x00000000d0b00000, 0x00000000d0c00000|  0%| F|  |TAMS 0x00000000d0b00000| PB 0x00000000d0b00000| Untracked 
|  12|0x00000000d0c00000, 0x00000000d0c00000, 0x00000000d0d00000|  0%| F|  |TAMS 0x00000000d0c00000| PB 0x00000000d0c00000| Untracked 
|  13|0x00000000d0d00000, 0x00000000d0d00000, 0x00000000d0e00000|  0%| F|  |TAMS 0x00000000d0d00000| PB 0x00000000d0d00000| Untracked 
|  14|0x00000000d0e00000, 0x00000000d0e00000, 0x00000000d0f00000|  0%| F|  |TAMS 0x00000000d0e00000| PB 0x00000000d0e00000| Untracked 
|  15|0x00000000d0f00000, 0x00000000d0f00000, 0x00000000d1000000|  0%| F|  |TAMS 0x00000000d0f00000| PB 0x00000000d0f00000| Untracked 
|  16|0x00000000d1000000, 0x00000000d1000000, 0x00000000d1100000|  0%| F|  |TAMS 0x00000000d1000000| PB 0x00000000d1000000| Untracked 
|  17|0x00000000d1100000, 0x00000000d1100000, 0x00000000d1200000|  0%| F|  |TAMS 0x00000000d1100000| PB 0x00000000d1100000| Untracked 
|  18|0x00000000d1200000, 0x00000000d1200000, 0x00000000d1300000|  0%| F|  |TAMS 0x00000000d1200000| PB 0x00000000d1200000| Untracked 
|  19|0x00000000d1300000, 0x00000000d1300000, 0x00000000d1400000|  0%| F|  |TAMS 0x00000000d1300000| PB 0x00000000d1300000| Untracked 
|  20|0x00000000d1400000, 0x00000000d1400000, 0x00000000d1500000|  0%| F|  |TAMS 0x00000000d1400000| PB 0x00000000d1400000| Untracked 
|  21|0x00000000d1500000, 0x00000000d1500000, 0x00000000d1600000|  0%| F|  |TAMS 0x00000000d1500000| PB 0x00000000d1500000| Untracked 
|  22|0x00000000d1600000, 0x00000000d1600000, 0x00000000d1700000|  0%| F|  |TAMS 0x00000000d1600000| PB 0x00000000d1600000| Untracked 
|  23|0x00000000d1700000, 0x00000000d1700000, 0x00000000d1800000|  0%| F|  |TAMS 0x00000000d1700000| PB 0x00000000d1700000| Untracked 
|  24|0x00000000d1800000, 0x00000000d1800000, 0x00000000d1900000|  0%| F|  |TAMS 0x00000000d1800000| PB 0x00000000d1800000| Untracked 
|  25|0x00000000d1900000, 0x00000000d1900000, 0x00000000d1a00000|  0%| F|  |TAMS 0x00000000d1900000| PB 0x00000000d1900000| Untracked 
|  26|0x00000000d1a00000, 0x00000000d1a00000, 0x00000000d1b00000|  0%| F|  |TAMS 0x00000000d1a00000| PB 0x00000000d1a00000| Untracked 
|  27|0x00000000d1b00000, 0x00000000d1b00000, 0x00000000d1c00000|  0%| F|  |TAMS 0x00000000d1b00000| PB 0x00000000d1b00000| Untracked 
|  28|0x00000000d1c00000, 0x00000000d1c00000, 0x00000000d1d00000|  0%| F|  |TAMS 0x00000000d1c00000| PB 0x00000000d1c00000| Untracked 
|  29|0x00000000d1d00000, 0x00000000d1d00000, 0x00000000d1e00000|  0%| F|  |TAMS 0x00000000d1d00000| PB 0x00000000d1d00000| Untracked 
|  30|0x00000000d1e00000, 0x00000000d1e00000, 0x00000000d1f00000|  0%| F|  |TAMS 0x00000000d1e00000| PB 0x00000000d1e00000| Untracked 
|  31|0x00000000d1f00000, 0x00000000d1f00000, 0x00000000d2000000|  0%| F|  |TAMS 0x00000000d1f00000| PB 0x00000000d1f00000| Untracked 
|  32|0x00000000d2000000, 0x00000000d2000000, 0x00000000d2100000|  0%| F|  |TAMS 0x00000000d2000000| PB 0x00000000d2000000| Untracked 
|  33|0x00000000d2100000, 0x00000000d2100000, 0x00000000d2200000|  0%| F|  |TAMS 0x00000000d2100000| PB 0x00000000d2100000| Untracked 
|  34|0x00000000d2200000, 0x00000000d2200000, 0x00000000d2300000|  0%| F|  |TAMS 0x00000000d2200000| PB 0x00000000d2200000| Untracked 
|  35|0x00000000d2300000, 0x00000000d2300000, 0x00000000d2400000|  0%| F|  |TAMS 0x00000000d2300000| PB 0x00000000d2300000| Untracked 
|  36|0x00000000d2400000, 0x00000000d2400000, 0x00000000d2500000|  0%| F|  |TAMS 0x00000000d2400000| PB 0x00000000d2400000| Untracked 
|  37|0x00000000d2500000, 0x00000000d2500000, 0x00000000d2600000|  0%| F|  |TAMS 0x00000000d2500000| PB 0x00000000d2500000| Untracked 
|  38|0x00000000d2600000, 0x00000000d2600000, 0x00000000d2700000|  0%| F|  |TAMS 0x00000000d2600000| PB 0x00000000d2600000| Untracked 
|  39|0x00000000d2700000, 0x00000000d2700000, 0x00000000d2800000|  0%| F|  |TAMS 0x00000000d2700000| PB 0x00000000d2700000| Untracked 
|  40|0x00000000d2800000, 0x00000000d2800000, 0x00000000d2900000|  0%| F|  |TAMS 0x00000000d2800000| PB 0x00000000d2800000| Untracked 
|  41|0x00000000d2900000, 0x00000000d2900000, 0x00000000d2a00000|  0%| F|  |TAMS 0x00000000d2900000| PB 0x00000000d2900000| Untracked 
|  42|0x00000000d2a00000, 0x00000000d2a7de38, 0x00000000d2b00000| 49%| S|CS|TAMS 0x00000000d2a00000| PB 0x00000000d2a00000| Complete 
|  43|0x00000000d2b00000, 0x00000000d2b00000, 0x00000000d2c00000|  0%| F|  |TAMS 0x00000000d2b00000| PB 0x00000000d2b00000| Untracked 
|  44|0x00000000d2c00000, 0x00000000d2c00000, 0x00000000d2d00000|  0%| F|  |TAMS 0x00000000d2c00000| PB 0x00000000d2c00000| Untracked 
|  45|0x00000000d2d00000, 0x00000000d2d00000, 0x00000000d2e00000|  0%| F|  |TAMS 0x00000000d2d00000| PB 0x00000000d2d00000| Untracked 
|  46|0x00000000d2e00000, 0x00000000d2e85288, 0x00000000d2f00000| 52%| E|  |TAMS 0x00000000d2e00000| PB 0x00000000d2e00000| Complete 
|  47|0x00000000d2f00000, 0x00000000d3000000, 0x00000000d3000000|100%| E|CS|TAMS 0x00000000d2f00000| PB 0x00000000d2f00000| Complete 

Card table byte_map: [0x0000024feb320000,0x0000024feb4a0000] _byte_map_base: 0x0000024feaca0000

Marking Bits: (CMBitMap*) 0x0000024fd83aceb0
 Bits: [0x0000024feb4a0000, 0x0000024fec0a0000)

Polling page: 0x0000024fd61e0000

Metaspace:

Usage:
  Non-class:      6.90 MB used.
      Class:    909.21 KB used.
       Both:      7.78 MB used.

Virtual space:
  Non-class space:       64.00 MB reserved,       7.06 MB ( 11%) committed,  1 nodes.
      Class space:        1.00 GB reserved,       1.00 MB ( <1%) committed,  1 nodes.
             Both:        1.06 GB reserved,       8.06 MB ( <1%) committed. 

Chunk freelists:
   Non-Class:  8.42 MB
       Class:  15.00 MB
        Both:  23.42 MB

MaxMetaspaceSize: unlimited
CompressedClassSpaceSize: 1.00 GB
Initial GC threshold: 21.00 MB
Current GC threshold: 21.00 MB
CDS: on
 - commit_granule_bytes: 65536.
 - commit_granule_words: 8192.
 - virtual_space_node_default_size: 8388608.
 - enlarge_chunks_in_place: 1.
 - use_allocation_guard: 0.


Internal statistics:

num_allocs_failed_limit: 0.
num_arena_births: 224.
num_arena_deaths: 0.
num_vsnodes_births: 2.
num_vsnodes_deaths: 0.
num_space_committed: 129.
num_space_uncommitted: 0.
num_chunks_returned_to_freelist: 0.
num_chunks_taken_from_freelist: 374.
num_chunk_merges: 0.
num_chunk_splits: 216.
num_chunks_enlarged: 95.
num_inconsistent_stats: 0.

CodeHeap 'non-profiled nmethods': size=120064Kb used=383Kb max_used=383Kb free=119680Kb
 bounds [0x0000024fe3de0000, 0x0000024fe4050000, 0x0000024feb320000]
CodeHeap 'profiled nmethods': size=120000Kb used=1643Kb max_used=1643Kb free=118356Kb
 bounds [0x0000024fdc320000, 0x0000024fdc590000, 0x0000024fe3850000]
CodeHeap 'non-nmethods': size=5696Kb used=1423Kb max_used=1439Kb free=4273Kb
 bounds [0x0000024fe3850000, 0x0000024fe3ac0000, 0x0000024fe3de0000]
 total_blobs=1578 nmethods=1067 adapters=416
 compilation: enabled
              stopped_count=0, restarted_count=0
 full_count=0

Compilation events (20 events):
Event: 2.706 Thread 0x0000024fee3ce370 1059       3       sun.security.ec.point.ProjectivePoint::<init> (20 bytes)
Event: 2.706 Thread 0x0000024fee3ce370 nmethod 1059 0x0000024fdc4b2090 code [0x0000024fdc4b2240, 0x0000024fdc4b24c0]
Event: 2.708 Thread 0x0000024fee3ce370 1060       3       sun.security.ec.point.ProjectivePoint$Immutable::<init> (8 bytes)
Event: 2.708 Thread 0x0000024fee3ce370 nmethod 1060 0x0000024fdc4b2590 code [0x0000024fdc4b2740, 0x0000024fdc4b2a18]
Event: 2.709 Thread 0x0000024fee3ce370 1061       3       sun.security.ec.point.ProjectivePoint::fixed (35 bytes)
Event: 2.710 Thread 0x0000024fee3ce370 nmethod 1061 0x0000024fdc4b2b10 code [0x0000024fdc4b2d00, 0x0000024fdc4b3350]
Event: 2.711 Thread 0x0000024fee3ce370 1062       3       sun.security.ec.ECOperations::setSum (549 bytes)
Event: 2.714 Thread 0x0000024fee3ce370 nmethod 1062 0x0000024fdc4b3590 code [0x0000024fdc4b3d40, 0x0000024fdc4b8948]
Event: 2.714 Thread 0x0000024fee3ce370 1063       1       sun.security.util.math.intpoly.IntegerPolynomial$Element::getField (5 bytes)
Event: 2.714 Thread 0x0000024fee3ce370 nmethod 1063 0x0000024fe3e3e790 code [0x0000024fe3e3e920, 0x0000024fe3e3e9e8]
Event: 2.718 Thread 0x0000024fee3ce370 1064       3       sun.security.util.math.intpoly.IntegerPolynomial$ImmutableElement::<init> (7 bytes)
Event: 2.718 Thread 0x0000024fee3ce370 nmethod 1064 0x0000024fdc4ba110 code [0x0000024fdc4ba2c0, 0x0000024fdc4ba3f8]
Event: 2.718 Thread 0x0000024fee3ce370 1065       3       sun.security.util.math.intpoly.IntegerPolynomial$Element::<init> (40 bytes)
Event: 2.718 Thread 0x0000024fee3ce370 nmethod 1065 0x0000024fdc4ba490 code [0x0000024fdc4ba640, 0x0000024fdc4ba980]
Event: 2.721 Thread 0x0000024fee3ce370 1066       3       sun.security.util.ArrayUtil::swap (15 bytes)
Event: 2.721 Thread 0x0000024fee3ce370 nmethod 1066 0x0000024fdc4baa90 code [0x0000024fdc4bac40, 0x0000024fdc4bad88]
Event: 2.724 Thread 0x0000024fee3cd3d0 1067       4       sun.security.ec.ECOperations$PointMultiplier::lookup (84 bytes)
Event: 2.751 Thread 0x0000024fee3cd3d0 nmethod 1067 0x0000024fe3e3ea90 code [0x0000024fe3e3ec80, 0x0000024fe3e3f718]
Event: 2.755 Thread 0x0000024fee3cd3d0 1068       4       sun.security.ec.ECOperations::setDouble (463 bytes)
Event: 2.866 Thread 0x0000024fee3ce370 1069       3       sun.security.util.math.intpoly.IntegerPolynomial::get0 (10 bytes)

GC Heap History (4 events):
Event: 1.840 GC heap before
{Heap before GC invocations=0 (full 0):
 garbage-first heap   total 49152K, used 6144K [0x00000000d0000000, 0x0000000100000000)
  region size 1024K, 6 young (6144K), 0 survivors (0K)
 Metaspace       used 3750K, committed 3968K, reserved 1114112K
  class space    used 415K, committed 512K, reserved 1048576K
}
Event: 1.849 GC heap after
{Heap after GC invocations=1 (full 0):
 garbage-first heap   total 49152K, used 1847K [0x00000000d0000000, 0x0000000100000000)
  region size 1024K, 1 young (1024K), 1 survivors (1024K)
 Metaspace       used 3750K, committed 3968K, reserved 1114112K
  class space    used 415K, committed 512K, reserved 1048576K
}
Event: 2.339 GC heap before
{Heap before GC invocations=1 (full 0):
 garbage-first heap   total 49152K, used 5943K [0x00000000d0000000, 0x0000000100000000)
  region size 1024K, 6 young (6144K), 1 survivors (1024K)
 Metaspace       used 6688K, committed 6912K, reserved 1114112K
  class space    used 741K, committed 832K, reserved 1048576K
}
Event: 2.347 GC heap after
{Heap after GC invocations=2 (full 0):
 garbage-first heap   total 49152K, used 2353K [0x00000000d0000000, 0x0000000100000000)
  region size 1024K, 1 young (1024K), 1 survivors (1024K)
 Metaspace       used 6688K, committed 6912K, reserved 1114112K
  class space    used 741K, committed 832K, reserved 1048576K
}

Dll operation events (2 events):
Event: 0.112 Loaded shared library C:\Program Files\JetBrains\IntelliJ IDEA 2024.3.5\jbr\bin\java.dll
Event: 0.551 Loaded shared library C:\Program Files\JetBrains\IntelliJ IDEA 2024.3.5\jbr\bin\zip.dll

Deoptimization events (10 events):
Event: 1.164 Thread 0x0000024fd6225a10 Uncommon trap: trap_request=0xffffff45 fr.pc=0x0000024fe3df4114 relative=0x0000000000000074
Event: 1.164 Thread 0x0000024fd6225a10 Uncommon trap: reason=unstable_if action=reinterpret pc=0x0000024fe3df4114 method=java.lang.CharacterDataLatin1.toLowerCase(I)I @ 16 c2
Event: 1.165 Thread 0x0000024fd6225a10 DEOPT PACKING pc=0x0000024fe3df4114 sp=0x000000bd2bafad70
Event: 1.165 Thread 0x0000024fd6225a10 DEOPT UNPACKING pc=0x0000024fe38a46a2 sp=0x000000bd2bafad00 mode 2
Event: 1.743 Thread 0x0000024fd6225a10 DEOPT PACKING pc=0x0000024fdc33a2cc sp=0x000000bd2bafc600
Event: 1.743 Thread 0x0000024fd6225a10 DEOPT UNPACKING pc=0x0000024fe38a4e42 sp=0x000000bd2bafba20 mode 0
Event: 1.795 Thread 0x0000024fd6225a10 DEOPT PACKING pc=0x0000024fdc33a2cc sp=0x000000bd2bafc6d0
Event: 1.795 Thread 0x0000024fd6225a10 DEOPT UNPACKING pc=0x0000024fe38a4e42 sp=0x000000bd2bafbaf0 mode 0
Event: 1.939 Thread 0x0000024fd6225a10 DEOPT PACKING pc=0x0000024fdc33874c sp=0x000000bd2baf9e70
Event: 1.939 Thread 0x0000024fd6225a10 DEOPT UNPACKING pc=0x0000024fe38a4e42 sp=0x000000bd2baf92d8 mode 0

Classes loaded (20 events):
Event: 2.472 Loading class sun/security/ssl/XDHKeyExchange$1
Event: 2.473 Loading class sun/security/ssl/XDHKeyExchange$1 done
Event: 2.473 Loading class sun/security/ssl/KeyShareExtension$KeyShareEntry
Event: 2.473 Loading class sun/security/ssl/KeyShareExtension$KeyShareEntry done
Event: 2.473 Loading class sun/security/ssl/ECDHKeyExchange$ECDHEPossession
Event: 2.473 Loading class sun/security/ssl/ECDHKeyExchange$ECDHEPossession done
Event: 2.476 Loading class sun/security/util/math/intpoly/IntegerPolynomialP384
Event: 2.476 Loading class sun/security/util/math/intpoly/IntegerPolynomialP384 done
Event: 2.477 Loading class sun/security/util/math/intpoly/IntegerPolynomialP521
Event: 2.477 Loading class sun/security/util/math/intpoly/IntegerPolynomialP521 done
Event: 2.478 Loading class sun/security/util/math/intpoly/P384OrderField
Event: 2.478 Loading class sun/security/util/math/intpoly/P384OrderField done
Event: 2.479 Loading class sun/security/util/math/intpoly/P521OrderField
Event: 2.480 Loading class sun/security/util/math/intpoly/P521OrderField done
Event: 2.482 Loading class java/security/interfaces/ECPrivateKey
Event: 2.482 Loading class java/security/interfaces/ECPrivateKey done
Event: 2.483 Loading class sun/security/util/ArrayUtil
Event: 2.484 Loading class sun/security/util/ArrayUtil done
Event: 2.491 Loading class sun/security/util/math/IntegerModuloP$MultiplicativeInverser$Secp256R1
Event: 2.491 Loading class sun/security/util/math/IntegerModuloP$MultiplicativeInverser$Secp256R1 done

Classes unloaded (0 events):
No events

Classes redefined (0 events):
No events

Internal exceptions (20 events):
Event: 1.748 Thread 0x0000024fd6225a10 Exception <a 'java/lang/NoSuchMethodError'{0x00000000d2a058b0}: 'int java.lang.invoke.DirectMethodHandle$Holder.invokeStaticInit(java.lang.Object, int, int)'> (0x00000000d2a058b0) 
thrown [s\src\hotspot\share\interpreter\linkResolver.cpp, line 784]
Event: 1.750 Thread 0x0000024fd6225a10 Exception <a 'java/lang/NoSuchMethodError'{0x00000000d2a0cec0}: 'int java.lang.invoke.DirectMethodHandle$Holder.invokeStaticInit(java.lang.Object, long, long)'> (0x00000000d2a0cec0) 
thrown [s\src\hotspot\share\interpreter\linkResolver.cpp, line 784]
Event: 1.751 Thread 0x0000024fd6225a10 Exception <a 'java/lang/NoSuchMethodError'{0x00000000d2a13958}: 'int java.lang.invoke.DirectMethodHandle$Holder.invokeStaticInit(java.lang.Object, float, float)'> (0x00000000d2a13958) 
thrown [s\src\hotspot\share\interpreter\linkResolver.cpp, line 784]
Event: 1.752 Thread 0x0000024fd6225a10 Exception <a 'java/lang/NoSuchMethodError'{0x00000000d2a1a3e8}: 'int java.lang.invoke.DirectMethodHandle$Holder.invokeStaticInit(java.lang.Object, double, double)'> (0x00000000d2a1a3e8) 
thrown [s\src\hotspot\share\interpreter\linkResolver.cpp, line 784]
Event: 1.753 Thread 0x0000024fd6225a10 Exception <a 'java/lang/NoSuchMethodError'{0x00000000d2a1ecc0}: 'int java.lang.invoke.DirectMethodHandle$Holder.invokeStatic(java.lang.Object, long)'> (0x00000000d2a1ecc0) 
thrown [s\src\hotspot\share\interpreter\linkResolver.cpp, line 784]
Event: 1.771 Thread 0x0000024fd6225a10 Exception <a 'java/lang/NoSuchMethodError'{0x00000000d2a48c30}: 'java.lang.Object java.lang.invoke.DirectMethodHandle$Holder.invokeSpecial(java.lang.Object, java.lang.Object, int, java.lang.Object, java.lang.Object)'> (0x00000000d2a48c30) 
thrown [s\src\hotspot\share\interpreter\linkResolver.cpp, line 784]
Event: 1.772 Thread 0x0000024fd6225a10 Exception <a 'java/lang/NoSuchMethodError'{0x00000000d2a4c5c0}: 'java.lang.Object java.lang.invoke.DelegatingMethodHandle$Holder.delegate(java.lang.Object, int, java.lang.Object, java.lang.Object)'> (0x00000000d2a4c5c0) 
thrown [s\src\hotspot\share\interpreter\linkResolver.cpp, line 784]
Event: 1.781 Thread 0x0000024fd6225a10 Exception <a 'java/lang/NoSuchMethodError'{0x00000000d2a5b8e0}: 'int java.lang.invoke.Invokers$Holder.linkToTargetMethod(java.lang.Object, java.lang.Object, java.lang.Object)'> (0x00000000d2a5b8e0) 
thrown [s\src\hotspot\share\interpreter\linkResolver.cpp, line 784]
Event: 1.790 Thread 0x0000024fd6225a10 Exception <a 'java/lang/NoSuchMethodError'{0x00000000d2a8e648}: 'long java.lang.invoke.DirectMethodHandle$Holder.invokeSpecial(java.lang.Object, java.lang.Object)'> (0x00000000d2a8e648) 
thrown [s\src\hotspot\share\interpreter\linkResolver.cpp, line 784]
Event: 1.794 Thread 0x0000024fd6225a10 Exception <a 'java/lang/NoSuchMethodError'{0x00000000d2a94f18}: 'int java.lang.invoke.DirectMethodHandle$Holder.invokeStatic(java.lang.Object, java.lang.Object, java.lang.Object, java.lang.Object)'> (0x00000000d2a94f18) 
thrown [s\src\hotspot\share\interpreter\linkResolver.cpp, line 784]
Event: 1.796 Thread 0x0000024fd6225a10 Exception <a 'java/lang/NoSuchMethodError'{0x00000000d2a98338}: 'java.lang.Object java.lang.invoke.Invokers$Holder.invokeExact_MT(java.lang.Object, java.lang.Object, java.lang.Object, java.lang.Object, java.lang.Object, java.lang.Object)'> (0x00000000d2a98338) 
thrown [s\src\hotspot\share\interpreter\linkResolver.cpp, line 784]
Event: 2.051 Thread 0x0000024fd6225a10 Exception <a 'java/lang/NoSuchMethodError'{0x00000000d2ea05a8}: 'java.lang.Object java.lang.invoke.DirectMethodHandle$Holder.newInvokeSpecial(java.lang.Object, java.lang.Object, java.lang.Object, java.lang.Object, java.lang.Object)'> (0x00000000d2ea05a8) 
thrown [s\src\hotspot\share\interpreter\linkResolver.cpp, line 784]
Event: 2.166 Thread 0x0000024fd6225a10 Exception <a 'java/lang/NoSuchMethodError'{0x00000000d2c299a0}: 'java.lang.Object java.lang.invoke.DirectMethodHandle$Holder.invokeSpecial(java.lang.Object, java.lang.Object, java.lang.Object, java.lang.Object, int)'> (0x00000000d2c299a0) 
thrown [s\src\hotspot\share\interpreter\linkResolver.cpp, line 784]
Event: 2.168 Thread 0x0000024fd6225a10 Exception <a 'java/lang/NoSuchMethodError'{0x00000000d2c2d308}: 'java.lang.Object java.lang.invoke.Invokers$Holder.linkToTargetMethod(java.lang.Object, java.lang.Object, int, java.lang.Object)'> (0x00000000d2c2d308) 
thrown [s\src\hotspot\share\interpreter\linkResolver.cpp, line 784]
Event: 2.191 Thread 0x0000024fd6225a10 Exception <a 'java/lang/NoSuchMethodError'{0x00000000d2c5c218}: 'void java.lang.invoke.DirectMethodHandle$Holder.invokeSpecial(java.lang.Object, java.lang.Object, java.lang.Object)'> (0x00000000d2c5c218) 
thrown [s\src\hotspot\share\interpreter\linkResolver.cpp, line 784]
Event: 2.226 Thread 0x0000024fd6225a10 Exception <a 'java/lang/NoSuchMethodError'{0x00000000d2cfae18}: 'void java.lang.invoke.DirectMethodHandle$Holder.invokeSpecial(java.lang.Object, java.lang.Object, java.lang.Object, java.lang.Object, java.lang.Object)'> (0x00000000d2cfae18) 
thrown [s\src\hotspot\share\interpreter\linkResolver.cpp, line 784]
Event: 2.250 Thread 0x0000024fee979630 Exception <a 'java/lang/NoSuchMethodError'{0x00000000d2b372b0}: 'void java.lang.invoke.DirectMethodHandle$Holder.invokeStatic(java.lang.Object, java.lang.Object, int)'> (0x00000000d2b372b0) 
thrown [s\src\hotspot\share\interpreter\linkResolver.cpp, line 784]
Event: 2.283 Thread 0x0000024fee979630 Exception <a 'java/lang/NoSuchMethodError'{0x00000000d2b6f800}: 'void java.lang.invoke.DirectMethodHandle$Holder.invokeStatic(java.lang.Object, java.lang.Object)'> (0x00000000d2b6f800) 
thrown [s\src\hotspot\share\interpreter\linkResolver.cpp, line 784]
Event: 2.304 Thread 0x0000024ff300e0c0 Exception <a 'java/lang/NoSuchMethodError'{0x00000000d2b9a7b0}: 'void java.lang.invoke.DirectMethodHandle$Holder.invokeInterface(java.lang.Object, java.lang.Object, java.lang.Object)'> (0x00000000d2b9a7b0) 
thrown [s\src\hotspot\share\interpreter\linkResolver.cpp, line 784]
Event: 2.334 Thread 0x0000024ff300e0c0 Exception <a 'java/lang/NoSuchMethodError'{0x00000000d2be96f0}: 'void java.lang.invoke.DirectMethodHandle$Holder.invokeVirtual(java.lang.Object, java.lang.Object)'> (0x00000000d2be96f0) 
thrown [s\src\hotspot\share\interpreter\linkResolver.cpp, line 784]

ZGC Phase Switch (0 events):
No events

VM Operations (14 events):
Event: 0.722 Executing VM operation: HandshakeAllThreads (Deoptimize)
Event: 0.722 Executing VM operation: HandshakeAllThreads (Deoptimize) done
Event: 0.786 Executing VM operation: HandshakeAllThreads (Deoptimize)
Event: 0.786 Executing VM operation: HandshakeAllThreads (Deoptimize) done
Event: 1.439 Executing VM operation: HandshakeAllThreads (Deoptimize)
Event: 1.439 Executing VM operation: HandshakeAllThreads (Deoptimize) done
Event: 1.439 Executing VM operation: Cleanup
Event: 1.439 Executing VM operation: Cleanup done
Event: 1.840 Executing VM operation: G1CollectForAllocation (G1 Evacuation Pause)
Event: 1.850 Executing VM operation: G1CollectForAllocation (G1 Evacuation Pause) done
Event: 2.267 Executing VM operation: HandshakeAllThreads (Deoptimize)
Event: 2.267 Executing VM operation: HandshakeAllThreads (Deoptimize) done
Event: 2.338 Executing VM operation: G1CollectForAllocation (G1 Evacuation Pause)
Event: 2.347 Executing VM operation: G1CollectForAllocation (G1 Evacuation Pause) done

Memory protections (0 events):
No events

Nmethod flushes (0 events):
No events

Events (20 events):
Event: 0.305 Thread 0x0000024fd6225a10 Thread added: 0x0000024fd6225a10
Event: 0.443 Thread 0x0000024fd6225a10 Thread added: 0x0000024fee3c1fc0
Event: 0.463 Thread 0x0000024fd6225a10 Thread added: 0x0000024fee3c3080
Event: 0.464 Thread 0x0000024fd6225a10 Thread added: 0x0000024fee3c7230
Event: 0.464 Thread 0x0000024fd6225a10 Thread added: 0x0000024fee3cada0
Event: 0.465 Thread 0x0000024fd6225a10 Thread added: 0x0000024fee3cbc00
Event: 0.465 Thread 0x0000024fd6225a10 Thread added: 0x0000024fee3cc650
Event: 0.465 Thread 0x0000024fd6225a10 Thread added: 0x0000024fee3cd3d0
Event: 0.465 Thread 0x0000024fd6225a10 Thread added: 0x0000024fee3ce370
Event: 0.531 Thread 0x0000024fd6225a10 Thread added: 0x0000024fee63b630
Event: 0.561 Thread 0x0000024fd6225a10 Thread added: 0x0000024fee643e80
Event: 0.645 Loaded shared library C:\Program Files\JetBrains\IntelliJ IDEA 2024.3.5\jbr\bin\net.dll
Event: 0.665 Loaded shared library C:\Program Files\JetBrains\IntelliJ IDEA 2024.3.5\jbr\bin\nio.dll
Event: 0.675 Loaded shared library C:\Program Files\JetBrains\IntelliJ IDEA 2024.3.5\jbr\bin\zip.dll
Event: 0.935 Loaded shared library C:\Program Files\JetBrains\IntelliJ IDEA 2024.3.5\jbr\bin\jimage.dll
Event: 1.012 Loaded shared library C:\Program Files\JetBrains\IntelliJ IDEA 2024.3.5\jbr\bin\sunmscapi.dll
Event: 2.022 Loaded shared library C:\Program Files\JetBrains\IntelliJ IDEA 2024.3.5\jbr\bin\extnet.dll
Event: 2.039 Thread 0x0000024fd6225a10 Thread added: 0x0000024fee979630
Event: 2.281 Thread 0x0000024fee979630 Thread added: 0x0000024ff300e0c0
Event: 2.368 Thread 0x0000024fee979630 Thread added: 0x0000024ff30ab130


Dynamic libraries:
0x00007ff792780000 - 0x00007ff79278a000 	C:\Program Files\JetBrains\IntelliJ IDEA 2024.3.5\jbr\bin\java.exe
0x00007ffe580b0000 - 0x00007ffe5827f000 	C:\Windows\SYSTEM32\ntdll.dll
0x00007ffe55fb0000 - 0x00007ffe5605d000 	C:\Windows\System32\KERNEL32.DLL
0x00007ffe54740000 - 0x00007ffe5495e000 	C:\Windows\System32\KERNELBASE.dll
0x00007ffe54960000 - 0x00007ffe54a54000 	C:\Windows\System32\ucrtbase.dll
0x00007ffe3b520000 - 0x00007ffe3b53b000 	C:\Program Files\JetBrains\IntelliJ IDEA 2024.3.5\jbr\bin\VCRUNTIME140.dll
0x00007ffe37ca0000 - 0x00007ffe37cb8000 	C:\Program Files\JetBrains\IntelliJ IDEA 2024.3.5\jbr\bin\jli.dll
0x00007ffe558b0000 - 0x00007ffe55a16000 	C:\Windows\System32\USER32.dll
0x00007ffe55140000 - 0x00007ffe5515e000 	C:\Windows\System32\win32u.dll
0x00007ffe57e10000 - 0x00007ffe57e44000 	C:\Windows\System32\GDI32.dll
0x00007ffe55160000 - 0x00007ffe552e4000 	C:\Windows\System32\gdi32full.dll
0x00007ffe4c180000 - 0x00007ffe4c3fa000 	C:\Windows\WinSxS\amd64_microsoft.windows.common-controls_6595b64144ccf1df_6.0.14393.7330_none_7dde8d868343775b\COMCTL32.dll
0x00007ffe55b70000 - 0x00007ffe55c0e000 	C:\Windows\System32\msvcrt.dll
0x00007ffe55c10000 - 0x00007ffe55ed7000 	C:\Windows\System32\combase.dll
0x00007ffe55790000 - 0x00007ffe558ab000 	C:\Windows\System32\RPCRT4.dll
0x00007ffe545f0000 - 0x00007ffe5465c000 	C:\Windows\System32\bcryptPrimitives.dll
0x00007ffe55700000 - 0x00007ffe5572e000 	C:\Windows\System32\IMM32.DLL
0x00007ffe4c940000 - 0x00007ffe4c94c000 	C:\Program Files\JetBrains\IntelliJ IDEA 2024.3.5\jbr\bin\vcruntime140_1.dll
0x00007ffe36820000 - 0x00007ffe368ad000 	C:\Program Files\JetBrains\IntelliJ IDEA 2024.3.5\jbr\bin\msvcp140.dll
0x00007ffe36d50000 - 0x00007ffe37b11000 	C:\Program Files\JetBrains\IntelliJ IDEA 2024.3.5\jbr\bin\server\jvm.dll
0x00007ffe55650000 - 0x00007ffe556f7000 	C:\Windows\System32\ADVAPI32.dll
0x00007ffe57750000 - 0x00007ffe577ad000 	C:\Windows\System32\sechost.dll
0x00007ffe54710000 - 0x00007ffe5473b000 	C:\Windows\System32\bcrypt.dll
0x00007ffe544b0000 - 0x00007ffe544fc000 	C:\Windows\System32\POWRPROF.dll
0x00007ffe56060000 - 0x00007ffe560ca000 	C:\Windows\System32\WS2_32.dll
0x00007ffe522d0000 - 0x00007ffe522f3000 	C:\Windows\SYSTEM32\WINMM.dll
0x00007ffe4c6e0000 - 0x00007ffe4c6ea000 	C:\Windows\SYSTEM32\VERSION.dll
0x0000024fd61b0000 - 0x0000024fd61db000 	C:\Windows\SYSTEM32\WINMMBASE.dll
0x00007ffe55600000 - 0x00007ffe55642000 	C:\Windows\System32\cfgmgr32.dll
0x00007ffe54530000 - 0x00007ffe5453f000 	C:\Windows\System32\kernel.appcore.dll
0x00007ffe3b510000 - 0x00007ffe3b51a000 	C:\Program Files\JetBrains\IntelliJ IDEA 2024.3.5\jbr\bin\jimage.dll
0x00007ffe48d80000 - 0x00007ffe48f12000 	C:\Windows\SYSTEM32\DBGHELP.DLL
0x00007ffe48f80000 - 0x00007ffe48fa9000 	C:\Windows\SYSTEM32\dbgcore.DLL
0x00007ffe3b4f0000 - 0x00007ffe3b510000 	C:\Program Files\JetBrains\IntelliJ IDEA 2024.3.5\jbr\bin\java.dll
0x00007ffe56230000 - 0x00007ffe57736000 	C:\Windows\System32\SHELL32.dll
0x00007ffe54a60000 - 0x00007ffe55133000 	C:\Windows\System32\windows.storage.dll
0x00007ffe57970000 - 0x00007ffe579c2000 	C:\Windows\System32\shlwapi.dll
0x00007ffe54540000 - 0x00007ffe545e8000 	C:\Windows\System32\shcore.dll
0x00007ffe54500000 - 0x00007ffe54514000 	C:\Windows\System32\profapi.dll
0x00007ffe3b4d0000 - 0x00007ffe3b4e8000 	C:\Program Files\JetBrains\IntelliJ IDEA 2024.3.5\jbr\bin\zip.dll
0x00007ffe3a080000 - 0x00007ffe3a090000 	C:\Program Files\JetBrains\IntelliJ IDEA 2024.3.5\jbr\bin\net.dll
0x00007ffe51260000 - 0x00007ffe5132d000 	C:\Windows\SYSTEM32\WINHTTP.dll
0x00007ffe53da0000 - 0x00007ffe53dfd000 	C:\Windows\system32\mswsock.dll
0x00007ffe3a060000 - 0x00007ffe3a076000 	C:\Program Files\JetBrains\IntelliJ IDEA 2024.3.5\jbr\bin\nio.dll
0x00007ffe44a20000 - 0x00007ffe44a2e000 	C:\Program Files\JetBrains\IntelliJ IDEA 2024.3.5\jbr\bin\sunmscapi.dll
0x00007ffe552f0000 - 0x00007ffe554fd000 	C:\Windows\System32\CRYPT32.dll
0x00007ffe54520000 - 0x00007ffe54530000 	C:\Windows\System32\MSASN1.dll
0x00007ffe54030000 - 0x00007ffe54056000 	C:\Windows\SYSTEM32\ncrypt.dll
0x00007ffe53ff0000 - 0x00007ffe5402b000 	C:\Windows\SYSTEM32\NTASN1.dll
0x00007ffe53f60000 - 0x00007ffe53f77000 	C:\Windows\SYSTEM32\CRYPTSP.dll
0x00007ffe53910000 - 0x00007ffe53943000 	C:\Windows\system32\rsaenh.dll
0x00007ffe53bd0000 - 0x00007ffe53bf0000 	C:\Windows\SYSTEM32\USERENV.dll
0x00007ffe53f50000 - 0x00007ffe53f5b000 	C:\Windows\SYSTEM32\CRYPTBASE.dll
0x00007ffe53ad0000 - 0x00007ffe53b08000 	C:\Windows\SYSTEM32\IPHLPAPI.DLL
0x00007ffe579d0000 - 0x00007ffe579d8000 	C:\Windows\System32\NSI.dll
0x00007ffe44a10000 - 0x00007ffe44a19000 	C:\Program Files\JetBrains\IntelliJ IDEA 2024.3.5\jbr\bin\extnet.dll

dbghelp: loaded successfully - version: 4.0.5 - missing functions: none
symbol engine: initialized successfully - sym options: 0x614 - pdb path: .;C:\Program Files\JetBrains\IntelliJ IDEA 2024.3.5\jbr\bin;C:\Windows\SYSTEM32;C:\Windows\WinSxS\amd64_microsoft.windows.common-controls_6595b64144ccf1df_6.0.14393.7330_none_7dde8d868343775b;C:\Program Files\JetBrains\IntelliJ IDEA 2024.3.5\jbr\bin\server

VM Arguments:
java_command: git4idea.http.GitAskPassApp Username for 'https://github.com': 
java_class_path (initial): C:/Program Files/JetBrains/IntelliJ IDEA 2024.3.5/plugins/vcs-git/lib/git4idea-rt.jar;C:/Program Files/JetBrains/IntelliJ IDEA 2024.3.5/lib/externalProcess-rt.jar
Launcher Type: SUN_STANDARD

[Global flags]
     intx CICompilerCount                          = 2                                         {product} {ergonomic}
     uint ConcGCThreads                            = 1                                         {product} {ergonomic}
     uint G1ConcRefinementThreads                  = 3                                         {product} {ergonomic}
   size_t G1HeapRegionSize                         = 1048576                                   {product} {ergonomic}
    uintx GCDrainStackTargetSize                   = 64                                        {product} {ergonomic}
   size_t InitialHeapSize                          = 50331648                                  {product} {ergonomic}
   size_t MarkStackSize                            = 4194304                                   {product} {ergonomic}
   size_t MaxHeapSize                              = 805306368                                 {product} {ergonomic}
   size_t MaxNewSize                               = 482344960                                 {product} {ergonomic}
   size_t MinHeapDeltaBytes                        = 1048576                                   {product} {ergonomic}
   size_t MinHeapSize                              = 8388608                                   {product} {ergonomic}
    uintx NonNMethodCodeHeapSize                   = 5826188                                {pd product} {ergonomic}
    uintx NonProfiledCodeHeapSize                  = 122916026                              {pd product} {ergonomic}
    uintx ProfiledCodeHeapSize                     = 122916026                              {pd product} {ergonomic}
    uintx ReservedCodeCacheSize                    = 251658240                              {pd product} {ergonomic}
     bool SegmentedCodeCache                       = true                                      {product} {ergonomic}
   size_t SoftMaxHeapSize                          = 805306368                              {manageable} {ergonomic}
     bool UseCompressedOops                        = true                           {product lp64_product} {ergonomic}
     bool UseG1GC                                  = true                                      {product} {ergonomic}
     bool UseLargePagesIndividualAllocation        = false                                  {pd product} {ergonomic}

Logging:
Log output configuration:
 #0: stdout all=warning uptime,level,tags foldmultilines=false
 #1: stderr all=off uptime,level,tags foldmultilines=false

Environment Variables:
PATH=C:\Program Files\Git\mingw64\libexec\git-core;C:\Program Files\Git\mingw64\libexec\git-core;C:\Program Files\Git\mingw64\bin;C:\Program Files\Git\usr\bin;C:\Users\Administrator\bin;C:\Program Files\Common Files\Oracle\Java\javapath;C:\Windows\system32;C:\Windows;C:\Windows\System32\Wbem;C:\Windows\System32\WindowsPowerShell\v1.0;C:\Program Files\Git\cmd;C:\Users\Administrator\AppData\Local\Microsoft\WindowsApps
USERNAME=Administrator
DISPLAY=:0.0
LC_ALL=en_US.UTF-8
TERM=cygwin
TMPDIR=C:\Users\ADMINI~1\AppData\Local\Temp\2
OS=Windows_NT
PROCESSOR_IDENTIFIER=Intel64 Family 6 Model 79 Stepping 1, GenuineIntel
TMP=C:\Users\ADMINI~1\AppData\Local\Temp\2
TEMP=C:\Users\ADMINI~1\AppData\Local\Temp\2




Periodic native trim disabled

JNI global refs:
JNI global refs: 18, weak refs: 0

JNI global refs memory usage: 835, weak refs: 833

Process memory usage:
Resident Set Size: 71224K (2% of 3145180K total physical memory with 56616K free physical memory)

OOME stack traces (most recent first):
Classloader memory used:
Loader bootstrap                                                                       : 6375K
Loader jdk.internal.loader.ClassLoaders$PlatformClassLoader                            : 1578K
Loader jdk.internal.loader.ClassLoaders$AppClassLoader                                 : 16400B

---------------  S Y S T E M  ---------------

OS:
 Windows Server 2016 , 64 bit Build 14393 (10.0.14393.7330)
OS uptime: 2 days 4:14 hours
KVM virtualization detected

CPU: total 3 (initial active 3) (3 cores per cpu, 1 threads per core) family 6 model 79 stepping 1 microcode 0xb00003e, cx8, cmov, fxsr, mmx, 3dnowpref, sse, sse2, sse3, ssse3, sse4.1, sse4.2, popcnt, lzcnt, tsc, avx, avx2, aes, erms, clmul, bmi1, bmi2, rtm, adx, fma, vzeroupper, clflush, hv, rdtscp, f16c
Processor Information for the first 3 processors :
  Max Mhz: 2297, Current Mhz: 2297, Mhz Limit: 2297

Memory: 4k page, system-wide physical 3071M (54M free)
TotalPageFile size 8128M (AvailPageFile size 5M)
current process WorkingSet (physical memory assigned to process): 69M, peak: 69M
current process commit charge ("private bytes"): 136M, peak: 137M

vm_info: OpenJDK 64-Bit Server VM (21.0.6+8-b631.39) for windows-amd64 JRE (21.0.6+8-b631.39), built on 2025-02-04 by "builduser" with MS VC++ 16.10 / 16.11 (VS2019)

END.
