#
# There is insufficient memory for the Java Runtime Environment to continue.
# Native memory allocation (mmap) failed to map 50331648 bytes. Error detail: G1 virtual space
# Possible reasons:
#   The system is out of physical RAM or swap space
#   This process is running with CompressedOops enabled, and the Java Heap may be blocking the growth of the native heap
# Possible solutions:
#   Reduce memory load on the system
#   Increase physical memory or swap space
#   Check if swap backing store is full
#   Decrease Java heap size (-Xmx/-Xms)
#   Decrease number of Java threads
#   Decrease Java thread stack sizes (-Xss)
#   Set larger code cache with -XX:ReservedCodeCacheSize=
#   JVM is running with Unscaled Compressed Oops mode in which the Java heap is
#     placed in the first 4GB address space. The Java Heap base address is the
#     maximum limit for the native heap growth. Please use -XX:HeapBaseMinAddress
#     to set the Java Heap base and to place the Java Heap above 4GB virtual address.
# This output file may be truncated or incomplete.
#
#  Out of Memory Error (os_windows.cpp:3898), pid=10128, tid=10172
#
# JRE version:  (21.0.6+8) (build )
# Java VM: OpenJDK 64-Bit Server VM (21.0.6+8-b631.39, mixed mode, sharing, tiered, compressed oops, compressed class ptrs, g1 gc, windows-amd64)
# Core dump will be written. Default location: C:\Users\Administrator\IdeaProjects\avatarOpenLo\hs_err_pid10128.mdmp
#

---------------  S U M M A R Y ------------

Command Line: git4idea.http.GitAskPassApp Username for 'https://github.com': 

Host: Intel(R) Xeon(R) CPU E5-2686 v4 @ 2.30GHz, 3 cores, 2G,  Windows Server 2016 , 64 bit Build 14393 (10.0.14393.7330)
Time: Thu Apr 10 08:57:23 2025 SE Asia Standard Time elapsed time: 0.220466 seconds (0d 0h 0m 0s)

---------------  T H R E A D  ---------------

Current thread (0x000002095796d570):  JavaThread "Unknown thread" [_thread_in_vm, id=10172, stack(0x0000003ddde00000,0x0000003dddf00000) (1024K)]

Stack: [0x0000003ddde00000,0x0000003dddf00000]
Native frames: (J=compiled Java code, j=interpreted, Vv=VM code, C=native code)
V  [jvm.dll+0x6e5d39]
V  [jvm.dll+0x8c4133]
V  [jvm.dll+0x8c668e]
V  [jvm.dll+0x8c6d73]
V  [jvm.dll+0x288f76]
V  [jvm.dll+0x6e25f5]
V  [jvm.dll+0x6d60aa]
V  [jvm.dll+0x3635bb]
V  [jvm.dll+0x36b186]
V  [jvm.dll+0x3bd4b6]
V  [jvm.dll+0x3bd788]
V  [jvm.dll+0x335d2c]
V  [jvm.dll+0x336a1b]
V  [jvm.dll+0x88b589]
V  [jvm.dll+0x3ca688]
V  [jvm.dll+0x874698]
V  [jvm.dll+0x45f04e]
V  [jvm.dll+0x460d31]
C  [jli.dll+0x52ab]
C  [ucrtbase.dll+0x1fb80]
C  [KERNEL32.DLL+0x84d4]
C  [ntdll.dll+0x51a11]


---------------  P R O C E S S  ---------------

Threads class SMR info:
_java_thread_list=0x00007ffe379aa148, length=0, elements={
}

Java Threads: ( => current thread )
Total: 0

Other Threads:
  0x000002095799b710 WorkerThread "GC Thread#0"                     [id=10116, stack(0x0000003dddf00000,0x0000003dde000000) (1024K)]
  0x00000209579a3610 ConcurrentGCThread "G1 Main Marker"            [id=4900, stack(0x0000003dde000000,0x0000003dde100000) (1024K)]
  0x00000209579a4020 WorkerThread "G1 Conc#0"                       [id=9904, stack(0x0000003dde100000,0x0000003dde200000) (1024K)]

[error occurred during error reporting (printing all threads), id 0xc0000005, EXCEPTION_ACCESS_VIOLATION (0xc0000005) at pc=0x00007ffe37098de7]
VM state: not at safepoint (not fully initialized)

VM Mutex/Monitor currently owned by a thread:  ([mutex/lock_event])
[0x00007ffe37a1eb30] Heap_lock - owner thread: 0x000002095796d570

Heap address: 0x00000000d0000000, size: 768 MB, Compressed Oops mode: 32-bit

CDS archive(s) mapped at: [0x0000000000000000-0x0000000000000000-0x0000000000000000), size 0, SharedBaseAddress: 0x0000000800000000, ArchiveRelocationMode: 1.
Narrow klass base: 0x0000000000000000, Narrow klass shift: 0, Narrow klass range: 0x0

GC Precious Log:
 CardTable entry size: 512
 Card Set container configuration: InlinePtr #cards 5 size 8 Array Of Cards #cards 12 size 40 Howl #buckets 4 coarsen threshold 1843 Howl Bitmap #cards 512 size 80 coarsen threshold 460 Card regions per heap region 1 cards per card region 2048

Heap:
 garbage-first heap   total 0K, used 0K [0x00000000d0000000, 0x0000000100000000)
  region size 1024K, 0 young (0K), 0 survivors (0K)
 Metaspace       used 0K, committed 0K, reserved 0K
  class space    used 0K, committed 0K, reserved 0K

Heap Regions: E=young(eden), S=young(survivor), O=old, HS=humongous(starts), HC=humongous(continues), CS=collection set, F=free, TAMS=top-at-mark-start, PB=parsable bottom

Card table byte_map: [0x000002096a910000,0x000002096aa90000] _byte_map_base: 0x000002096a290000

Marking Bits: (CMBitMap*) 0x000002095799cd30
 Bits: [0x000002096aa90000, 0x000002096b690000)

GC Heap History (0 events):
No events

Dll operation events (1 events):
Event: 0.139 Loaded shared library C:\Program Files\JetBrains\IntelliJ IDEA 2024.3.5\jbr\bin\java.dll

Deoptimization events (0 events):
No events

Classes loaded (0 events):
No events

Classes unloaded (0 events):
No events

Classes redefined (0 events):
No events

Internal exceptions (0 events):
No events

ZGC Phase Switch (0 events):
No events

VM Operations (0 events):
No events

Memory protections (0 events):
No events

Nmethod flushes (0 events):
No events

Events (0 events):
No events


Dynamic libraries:
0x00007ff674310000 - 0x00007ff67431a000 	C:\Program Files\JetBrains\IntelliJ IDEA 2024.3.5\jbr\bin\java.exe
0x00007ffe580b0000 - 0x00007ffe5827f000 	C:\Windows\SYSTEM32\ntdll.dll
0x00007ffe55fb0000 - 0x00007ffe5605d000 	C:\Windows\System32\KERNEL32.DLL
0x00007ffe54740000 - 0x00007ffe5495e000 	C:\Windows\System32\KERNELBASE.dll
0x00007ffe54960000 - 0x00007ffe54a54000 	C:\Windows\System32\ucrtbase.dll
0x00007ffe36840000 - 0x00007ffe36858000 	C:\Program Files\JetBrains\IntelliJ IDEA 2024.3.5\jbr\bin\jli.dll
0x00007ffe558b0000 - 0x00007ffe55a16000 	C:\Windows\System32\USER32.dll
0x00007ffe55140000 - 0x00007ffe5515e000 	C:\Windows\System32\win32u.dll
0x00007ffe57e10000 - 0x00007ffe57e44000 	C:\Windows\System32\GDI32.dll
0x00007ffe55160000 - 0x00007ffe552e4000 	C:\Windows\System32\gdi32full.dll
0x00007ffe4c180000 - 0x00007ffe4c3fa000 	C:\Windows\WinSxS\amd64_microsoft.windows.common-controls_6595b64144ccf1df_6.0.14393.7330_none_7dde8d868343775b\COMCTL32.dll
0x00007ffe3b520000 - 0x00007ffe3b53b000 	C:\Program Files\JetBrains\IntelliJ IDEA 2024.3.5\jbr\bin\VCRUNTIME140.dll
0x00007ffe55b70000 - 0x00007ffe55c0e000 	C:\Windows\System32\msvcrt.dll
0x00007ffe55c10000 - 0x00007ffe55ed7000 	C:\Windows\System32\combase.dll
0x00007ffe55790000 - 0x00007ffe558ab000 	C:\Windows\System32\RPCRT4.dll
0x00007ffe545f0000 - 0x00007ffe5465c000 	C:\Windows\System32\bcryptPrimitives.dll
0x00007ffe55700000 - 0x00007ffe5572e000 	C:\Windows\System32\IMM32.DLL
0x00007ffe4c940000 - 0x00007ffe4c94c000 	C:\Program Files\JetBrains\IntelliJ IDEA 2024.3.5\jbr\bin\vcruntime140_1.dll
0x00007ffe32ac0000 - 0x00007ffe32b4d000 	C:\Program Files\JetBrains\IntelliJ IDEA 2024.3.5\jbr\bin\msvcp140.dll
0x00007ffe36d50000 - 0x00007ffe37b11000 	C:\Program Files\JetBrains\IntelliJ IDEA 2024.3.5\jbr\bin\server\jvm.dll
0x00007ffe55650000 - 0x00007ffe556f7000 	C:\Windows\System32\ADVAPI32.dll
0x00007ffe57750000 - 0x00007ffe577ad000 	C:\Windows\System32\sechost.dll
0x00007ffe54710000 - 0x00007ffe5473b000 	C:\Windows\System32\bcrypt.dll
0x00007ffe544b0000 - 0x00007ffe544fc000 	C:\Windows\System32\POWRPROF.dll
0x00007ffe56060000 - 0x00007ffe560ca000 	C:\Windows\System32\WS2_32.dll
0x00007ffe4c6e0000 - 0x00007ffe4c6ea000 	C:\Windows\SYSTEM32\VERSION.dll
0x00007ffe522d0000 - 0x00007ffe522f3000 	C:\Windows\SYSTEM32\WINMM.dll
0x00007ffe52270000 - 0x00007ffe5229b000 	C:\Windows\SYSTEM32\WINMMBASE.dll
0x00007ffe55600000 - 0x00007ffe55642000 	C:\Windows\System32\cfgmgr32.dll
0x00007ffe54530000 - 0x00007ffe5453f000 	C:\Windows\System32\kernel.appcore.dll
0x00007ffe3b510000 - 0x00007ffe3b51a000 	C:\Program Files\JetBrains\IntelliJ IDEA 2024.3.5\jbr\bin\jimage.dll
0x00007ffe48d80000 - 0x00007ffe48f12000 	C:\Windows\SYSTEM32\DBGHELP.DLL
0x00007ffe48f80000 - 0x00007ffe48fa9000 	C:\Windows\SYSTEM32\dbgcore.DLL
0x00007ffe3b4f0000 - 0x00007ffe3b510000 	C:\Program Files\JetBrains\IntelliJ IDEA 2024.3.5\jbr\bin\java.dll

dbghelp: loaded successfully - version: 4.0.5 - missing functions: none
symbol engine: initialized successfully - sym options: 0x614 - pdb path: .;C:\Program Files\JetBrains\IntelliJ IDEA 2024.3.5\jbr\bin;C:\Windows\SYSTEM32;C:\Windows\WinSxS\amd64_microsoft.windows.common-controls_6595b64144ccf1df_6.0.14393.7330_none_7dde8d868343775b;C:\Program Files\JetBrains\IntelliJ IDEA 2024.3.5\jbr\bin\server

VM Arguments:
java_command: git4idea.http.GitAskPassApp Username for 'https://github.com': 
java_class_path (initial): C:/Program Files/JetBrains/IntelliJ IDEA 2024.3.5/plugins/vcs-git/lib/git4idea-rt.jar;C:/Program Files/JetBrains/IntelliJ IDEA 2024.3.5/lib/externalProcess-rt.jar
Launcher Type: SUN_STANDARD

[Global flags]
     intx CICompilerCount                          = 2                                         {product} {ergonomic}
     uint ConcGCThreads                            = 1                                         {product} {ergonomic}
     uint G1ConcRefinementThreads                  = 3                                         {product} {ergonomic}
   size_t G1HeapRegionSize                         = 1048576                                   {product} {ergonomic}
    uintx GCDrainStackTargetSize                   = 64                                        {product} {ergonomic}
   size_t InitialHeapSize                          = 50331648                                  {product} {ergonomic}
   size_t MarkStackSize                            = 4194304                                   {product} {ergonomic}
   size_t MaxHeapSize                              = 805306368                                 {product} {ergonomic}
   size_t MinHeapDeltaBytes                        = 1048576                                   {product} {ergonomic}
   size_t MinHeapSize                              = 8388608                                   {product} {ergonomic}
    uintx NonNMethodCodeHeapSize                   = 5826188                                {pd product} {ergonomic}
    uintx NonProfiledCodeHeapSize                  = 122916026                              {pd product} {ergonomic}
    uintx ProfiledCodeHeapSize                     = 122916026                              {pd product} {ergonomic}
    uintx ReservedCodeCacheSize                    = 251658240                              {pd product} {ergonomic}
     bool SegmentedCodeCache                       = true                                      {product} {ergonomic}
   size_t SoftMaxHeapSize                          = 805306368                              {manageable} {ergonomic}
     bool UseCompressedOops                        = true                           {product lp64_product} {ergonomic}
     bool UseG1GC                                  = true                                      {product} {ergonomic}
     bool UseLargePagesIndividualAllocation        = false                                  {pd product} {ergonomic}

Logging:
Log output configuration:
 #0: stdout all=warning uptime,level,tags foldmultilines=false
 #1: stderr all=off uptime,level,tags foldmultilines=false

Environment Variables:
PATH=C:\Program Files\Git\mingw64\libexec\git-core;C:\Program Files\Git\mingw64\libexec\git-core;C:\Program Files\Git\mingw64\bin;C:\Program Files\Git\usr\bin;C:\Users\Administrator\bin;C:\Program Files\Common Files\Oracle\Java\javapath;C:\Windows\system32;C:\Windows;C:\Windows\System32\Wbem;C:\Windows\System32\WindowsPowerShell\v1.0;C:\Program Files\Git\cmd;C:\Users\Administrator\AppData\Local\Microsoft\WindowsApps
USERNAME=Administrator
DISPLAY=:0.0
LC_ALL=en_US.UTF-8
TERM=cygwin
TMPDIR=C:\Users\ADMINI~1\AppData\Local\Temp\2
OS=Windows_NT
PROCESSOR_IDENTIFIER=Intel64 Family 6 Model 79 Stepping 1, GenuineIntel
TMP=C:\Users\ADMINI~1\AppData\Local\Temp\2
TEMP=C:\Users\ADMINI~1\AppData\Local\Temp\2




Periodic native trim disabled

JNI global refs:
JNI global refs: 0, weak refs: 0

JNI global refs memory usage: 0, weak refs: 0

Process memory usage:
Resident Set Size: 10020K (0% of 3145180K total physical memory with 37200K free physical memory)

OOME stack traces (most recent first):
Classloader memory used:

---------------  S Y S T E M  ---------------

OS:
 Windows Server 2016 , 64 bit Build 14393 (10.0.14393.7330)
OS uptime: 1 days 19:14 hours
KVM virtualization detected

CPU: total 3 (initial active 3) (3 cores per cpu, 1 threads per core) family 6 model 79 stepping 1 microcode 0xb00003e, cx8, cmov, fxsr, mmx, 3dnowpref, sse, sse2, sse3, ssse3, sse4.1, sse4.2, popcnt, lzcnt, tsc, avx, avx2, aes, erms, clmul, bmi1, bmi2, rtm, adx, fma, vzeroupper, clflush, hv, rdtscp, f16c
Processor Information for the first 3 processors :
  Max Mhz: 2297, Current Mhz: 2297, Mhz Limit: 2297

Memory: 4k page, system-wide physical 3071M (36M free)
TotalPageFile size 8128M (AvailPageFile size 21M)
current process WorkingSet (physical memory assigned to process): 9M, peak: 9M
current process commit charge ("private bytes"): 49M, peak: 97M

vm_info: OpenJDK 64-Bit Server VM (21.0.6+8-b631.39) for windows-amd64 JRE (21.0.6+8-b631.39), built on 2025-02-04 by "builduser" with MS VC++ 16.10 / 16.11 (VS2019)

END.
